C:\Users\onesl>jmap -histo 11220

 num     #instances         #bytes  class name
----------------------------------------------
   1:           546        4404056  [I
   2:           628         703848  [B
   3:          4977         664840  [C
   4:          3455          82920  java.lang.String
   5:           594          68040  java.lang.Class
   6:           635          36968  [Ljava.lang.Object;
   7:           791          31640  java.util.TreeMap$Entry
   8:           152          10944  java.lang.reflect.Field
   9:           221          10608  java.nio.HeapCharBuffer
  10:           409           9816  java.lang.StringBuilder
  11:           223           8848  [Ljava.lang.String;
  12:           188           6016  java.io.File
  13:            89           5696  java.net.URL
  14:           112           4480  java.lang.ref.SoftReference
  15:           258           4128  java.lang.Integer
  16:           125           4000  java.util.Hashtable$Entry
  17:            10           3760  java.lang.Thread
  18:           106           3392  java.util.concurrent.ConcurrentHashMap$Node
  19:            57           2736  java.nio.HeapByteBuffer
  20:           110           2640  java.lang.StringBuffer
  21:            72           2304  java.util.HashMap$Node
  22:            21           2192  [Ljava.util.HashMap$Node;
  23:            26           2080  [S
  24:             2           2080  [[C
  25:            36           2016  sun.misc.URLClassPath$JarLoader
  26:            13           1824  [Ljava.util.Hashtable$Entry;
  27:            38           1824  sun.util.locale.LocaleObjectCache$CacheEntry
  28:            22           1760  java.lang.reflect.Constructor
  29:            73           1752  java.net.Parts
  30:            43           1720  java.lang.ref.Finalizer
  31:            99           1584  java.lang.Object
  32:            38           1520  java.util.LinkedHashMap$Entry
  33:            31           1488  java.util.HashMap
  34:            37           1480  java.io.ObjectStreamField
  35:             9           1360  [Ljava.util.concurrent.ConcurrentHashMap$Node;
  36:            24           1344  java.lang.Class$ReflectionData
  37:            15           1200  [Ljava.util.WeakHashMap$Entry;
  38:             2           1064  [Ljava.lang.invoke.MethodHandle;
  39:            11           1056  java.util.jar.JarFile$JarFileEntry
  40:             1           1040  [Ljava.lang.Integer;
  41:            38            912  java.io.ExpiringCache$Entry
  42:            37            888  sun.misc.URLClassPath$3
  43:            11            880  java.util.zip.ZipEntry
  44:            15            840  sun.nio.cs.UTF_8$Encoder
  45:            20            800  sun.util.locale.BaseLocale$Key
  46:            12            768  java.util.jar.JarFile
  47:            12            752  [Ljava.lang.reflect.Field;
  48:            15            720  java.util.WeakHashMap
  49:            40            688  [Ljava.lang.Class;
  50:            17            680  java.util.WeakHashMap$Entry
  51:            12            672  java.util.zip.ZipFile$ZipFileInputStream
  52:            27            648  sun.security.action.GetPropertyAction
  53:            19            608  java.lang.ref.ReferenceQueue
  54:            19            608  java.util.Locale
  55:            19            608  sun.util.locale.BaseLocale
  56:            15            600  java.security.AccessControlContext
  57:            21            504  java.util.jar.Attributes$Name
  58:            20            480  java.util.Locale$LocaleKey
  59:            12            480  sun.nio.cs.UTF_8$Decoder
  60:            10            400  java.io.FileDescriptor
  61:            13            392  [Ljava.io.ObjectStreamField;
  62:             1            384  com.intellij.rt.execution.application.AppMainV2$1
  63:             1            384  java.lang.ref.Finalizer$FinalizerThread
  64:             6            384  java.nio.DirectByteBuffer
  65:             6            384  java.util.concurrent.ConcurrentHashMap
  66:            12            384  java.util.zip.ZipCoder
  67:             1            376  java.lang.ref.Reference$ReferenceHandler
  68:             4            352  java.lang.reflect.Method
  69:            21            336  java.lang.ref.ReferenceQueue$Lock
  70:             6            336  java.nio.DirectLongBufferU
  71:            10            320  java.lang.OutOfMemoryError
  72:             3            312  [D
  73:            12            288  java.net.URLClassLoader$1
  74:            12            288  java.util.ArrayDeque
  75:            12            288  sun.misc.FileURLMapper
  76:            12            288  sun.misc.MetaIndex
  77:            11            264  [Ljava.lang.reflect.Constructor;
  78:            11            264  java.lang.Class$1
  79:            11            264  sun.reflect.NativeConstructorAccessorImpl
  80:             8            256  java.security.CodeSource
  81:             8            256  java.util.Vector
  82:             6            240  java.lang.ClassNotFoundException
  83:            10            240  java.util.ArrayList
  84:             4            224  sun.nio.cs.ext.DoubleByte$Decoder
  85:             2            208  sun.net.www.protocol.file.FileURLConnection
  86:             6            192  java.io.FileInputStream
  87:             4            192  java.util.Hashtable
  88:             4            192  java.util.TreeMap
  89:            12            192  sun.misc.URLClassPath$JarLoader$1
  90:             2            184  [Ljava.net.URL;
  91:            11            176  sun.reflect.DelegatingConstructorAccessorImpl
  92:             2            160  [Ljava.lang.ThreadLocal$ThreadLocalMap$Entry;
  93:             4            160  java.lang.ClassLoader$NativeLibrary
  94:             4            160  java.security.ProtectionDomain
  95:             2            144  [Ljava.io.File;
  96:             3            144  java.io.BufferedReader
  97:             6            144  java.util.LinkedList$Node
  98:             3            144  java.util.Properties
  99:             6            144  sun.misc.PerfCounter
 100:             3            144  sun.nio.cs.StreamDecoder
 101:             6            144  sun.usagetracker.UsageTrackerClient$1
 102:             2            128  java.io.ExpiringCache$1
 103:             4            128  java.lang.ThreadLocal$ThreadLocalMap$Entry
 104:             8            128  java.util.HashSet
 105:             4            128  java.util.LinkedList
 106:             4            128  java.util.concurrent.ConcurrentHashMap$ForwardingNode
 107:             2            128  sun.nio.cs.ext.DoubleByte$Encoder
 108:             1            120  java.net.SocksSocketImpl
 109:             5            120  sun.misc.FloatingDecimal$PreparedASCIIToBinaryBuffer
 110:             7            112  java.lang.Class$3
 111:             2            112  java.util.LinkedHashMap
 112:             2            112  java.util.zip.ZipFile$ZipFileInflaterInputStream
 113:             3             96  java.io.FileOutputStream
 114:             3             96  java.io.FilePermission
 115:             4             96  java.lang.RuntimePermission
 116:             3             96  java.lang.StringCoding$StringDecoder
 117:             3             96  java.lang.StringCoding$StringEncoder
 118:             2             96  java.lang.ThreadGroup
 119:             3             96  java.util.Stack
 120:             2             96  java.util.StringTokenizer
 121:             2             96  java.util.zip.Inflater
 122:             1             96  sun.misc.Launcher$AppClassLoader
 123:             2             96  sun.misc.URLClassPath
 124:             3             96  sun.misc.URLClassPath$FileLoader$1
 125:             3             96  sun.misc.URLClassPath$JarLoader$2
 126:             3             96  sun.net.spi.DefaultProxySelector$NonProxyInfo
 127:             2             96  sun.nio.cs.StreamEncoder
 128:             1             88  java.net.DualStackPlainSocketImpl
 129:             1             88  sun.misc.Launcher$ExtClassLoader
 130:             2             80  java.io.BufferedInputStream
 131:             2             80  java.io.BufferedWriter
 132:             2             80  java.io.ExpiringCache
 133:             5             80  java.io.FileInputStream$1
 134:             5             80  java.lang.ClassLoader$3
 135:             5             80  java.lang.ThreadLocal
 136:             1             80  java.net.URI
 137:             2             80  sun.misc.FloatingDecimal$BinaryToASCIIBuffer
 138:             3             72  [Ljava.lang.reflect.Method;
 139:             3             72  [Ljava.security.ProtectionDomain;
 140:             3             72  java.net.Proxy$Type
 141:             3             72  java.util.Collections$SynchronizedSet
 142:             3             72  java.util.concurrent.atomic.AtomicLong
 143:             3             72  sun.misc.FloatingDecimal$ExceptionalBinaryToASCIIBuffer
 144:             1             64  [F
 145:             2             64  [Ljava.lang.Thread;
 146:             4             64  [Ljava.security.Principal;
 147:             2             64  java.io.PrintStream
 148:             2             64  java.lang.ClassValue$Entry
 149:             2             64  java.lang.NoSuchMethodError
 150:             2             64  java.lang.VirtualMachineError
 151:             2             64  java.lang.ref.ReferenceQueue$Null
 152:             2             64  java.lang.ref.WeakReference
 153:             2             64  java.security.BasicPermissionCollection
 154:             2             64  java.security.Permissions
 155:             4             64  java.security.ProtectionDomain$Key
 156:             4             64  sun.reflect.ReflectionFactory$1
 157:             1             56  java.lang.Package
 158:             1             48  [J
 159:             2             48  java.io.BufferedOutputStream
 160:             2             48  java.io.File$PathStatus
 161:             3             48  java.io.FilePermission$1
 162:             2             48  java.io.FilePermissionCollection
 163:             2             48  java.io.InputStreamReader
 164:             2             48  java.io.OutputStreamWriter
 165:             2             48  java.lang.ThreadLocal$ThreadLocalMap
 166:             2             48  java.net.InetAddress$Cache
 167:             2             48  java.net.InetAddress$Cache$Type
 168:             1             48  java.net.SocketInputStream
 169:             2             48  java.nio.charset.CoderResult
 170:             3             48  java.nio.charset.CodingErrorAction
 171:             1             48  java.util.Hashtable$Enumerator
 172:             1             48  java.util.Properties$LineReader
 173:             2             48  java.util.zip.ZStreamRef
 174:             2             48  sun.instrument.InstrumentationImpl$1
 175:             2             48  sun.misc.NativeSignalHandler
 176:             2             48  sun.misc.Signal
 177:             2             48  sun.net.www.MessageHeader
 178:             3             48  sun.net.www.ParseUtil
 179:             1             48  sun.nio.cs.US_ASCII$Decoder
 180:             3             48  sun.reflect.ReflectionFactory$GetReflectionFactoryAction
 181:             1             40  [[Ljava.lang.String;
 182:             1             40  sun.nio.cs.StandardCharsets$Aliases
 183:             1             40  sun.nio.cs.StandardCharsets$Cache
 184:             1             40  sun.nio.cs.StandardCharsets$Classes
 185:             1             40  sun.nio.cs.ext.ExtendedCharsets
 186:             1             32  [Ljava.lang.OutOfMemoryError;
 187:             2             32  [Ljava.lang.StackTraceElement;
 188:             1             32  [Ljava.lang.ThreadGroup;
 189:             1             32  [Ljava.net.Proxy$Type;
 190:             2             32  DeadLockClass
 191:             1             32  java.io.WinNTFileSystem
 192:             1             32  java.lang.ArithmeticException
 193:             2             32  java.lang.Boolean
 194:             1             32  java.lang.InternalError
 195:             1             32  java.lang.NullPointerException
 196:             1             32  java.net.InetAddress$InetAddressHolder
 197:             1             32  java.net.Socket
 198:             1             32  java.net.URI$Parser
 199:             2             32  java.nio.ByteOrder
 200:             1             32  java.util.ArrayList$Itr
 201:             2             32  java.util.concurrent.atomic.AtomicInteger
 202:             1             32  java.util.concurrent.atomic.AtomicReferenceFieldUpdater$AtomicReferenceFieldUpdaterImpl
 203:             1             32  java.util.jar.Manifest$FastInputStream
 204:             1             32  sun.instrument.InstrumentationImpl
 205:             1             32  sun.misc.FloatingDecimal$ASCIIToBinaryBuffer
 206:             2             32  sun.misc.PostVMInitHook$1
 207:             1             32  sun.net.spi.DefaultProxySelector$3
 208:             2             32  sun.net.www.protocol.jar.Handler
 209:             1             32  sun.nio.cs.StandardCharsets
 210:             2             32  sun.usagetracker.UsageTrackerClient$2
 211:             2             32  sun.usagetracker.UsageTrackerClient$3
 212:             1             24  [Ljava.io.File$PathStatus;
 213:             1             24  [Ljava.lang.ClassValue$Entry;
 214:             1             24  [Ljava.net.InetAddress$Cache$Type;
 215:             1             24  [Ljava.net.InetAddress;
 216:             1             24  [Lsun.launcher.LauncherHelper;
 217:             1             24  java.io.FileReader
 218:             1             24  java.lang.Class$MethodArray
 219:             1             24  java.lang.ClassValue$Version
 220:             1             24  java.lang.invoke.MethodHandleImpl$4
 221:             1             24  java.lang.reflect.ReflectPermission
 222:             1             24  java.net.Inet4Address
 223:             1             24  java.net.Inet6AddressImpl
 224:             1             24  java.net.InetSocketAddress$InetSocketAddressHolder
 225:             1             24  java.net.Proxy
 226:             1             24  java.util.BitSet
 227:             1             24  java.util.Collections$EmptyMap
 228:             1             24  java.util.Collections$SetFromMap
 229:             1             24  java.util.Collections$UnmodifiableRandomAccessList
 230:             1             24  java.util.Locale$Cache
 231:             1             24  java.util.concurrent.atomic.AtomicReferenceFieldUpdater$AtomicReferenceFieldUpdaterImpl$1
 232:             1             24  java.util.jar.Manifest
 233:             1             24  sun.instrument.TransformerManager
 234:             1             24  sun.launcher.LauncherHelper
 235:             1             24  sun.misc.JarIndex
 236:             1             24  sun.misc.Launcher$AppClassLoader$1
 237:             1             24  sun.misc.URLClassPath$FileLoader
 238:             1             24  sun.nio.cs.ISO_8859_1
 239:             1             24  sun.nio.cs.ThreadLocalCoders$1
 240:             1             24  sun.nio.cs.ThreadLocalCoders$2
 241:             1             24  sun.nio.cs.US_ASCII
 242:             1             24  sun.nio.cs.UTF_16
 243:             1             24  sun.nio.cs.UTF_16BE
 244:             1             24  sun.nio.cs.UTF_16LE
 245:             1             24  sun.nio.cs.UTF_8
 246:             1             24  sun.nio.cs.ext.GBK
 247:             1             24  sun.reflect.NativeMethodAccessorImpl
 248:             1             24  sun.usagetracker.UsageTrackerClient$4
 249:             1             24  sun.util.locale.BaseLocale$Cache
 250:             1             16  [Ljava.lang.Throwable;
 251:             1             16  [Ljava.security.cert.Certificate;
 252:             1             16  [Lsun.instrument.TransformerManager$TransformerInfo;
 253:             1             16  java.io.FileDescriptor$1
 254:             1             16  java.io.FileOutputStream$1
 255:             1             16  java.lang.CharacterDataLatin1
 256:             1             16  java.lang.ClassValue$Identity
 257:             1             16  java.lang.Compiler$1
 258:             1             16  java.lang.Runtime
 259:             1             16  java.lang.String$CaseInsensitiveComparator
 260:             1             16  java.lang.System$2
 261:             1             16  java.lang.SystemClassLoaderAction
 262:             1             16  java.lang.Terminator$1
 263:             1             16  java.lang.invoke.MemberName$Factory
 264:             1             16  java.lang.invoke.MethodHandleImpl$1
 265:             1             16  java.lang.invoke.MethodHandleImpl$2
 266:             1             16  java.lang.invoke.MethodHandleImpl$3
 267:             1             16  java.lang.invoke.MethodHandleStatics$1
 268:             1             16  java.lang.ref.Reference$1
 269:             1             16  java.lang.ref.Reference$Lock
 270:             1             16  java.lang.reflect.ReflectAccess
 271:             1             16  java.net.AbstractPlainSocketImpl$1
 272:             1             16  java.net.InetAddress$1
 273:             1             16  java.net.InetAddress$2
 274:             1             16  java.net.InetSocketAddress
 275:             1             16  java.net.PlainSocketImpl$1
 276:             1             16  java.net.Socket$2
 277:             1             16  java.net.SocksSocketImpl$3
 278:             1             16  java.net.URLClassLoader$7
 279:             1             16  java.nio.Bits$1
 280:             1             16  java.nio.charset.Charset$ExtendedProviderHolder$1
 281:             1             16  java.nio.charset.CoderResult$1
 282:             1             16  java.nio.charset.CoderResult$2
 283:             1             16  java.security.ProtectionDomain$2
 284:             1             16  java.security.ProtectionDomain$JavaSecurityAccessImpl
 285:             1             16  java.util.Collections$EmptyList
 286:             1             16  java.util.Collections$EmptySet
 287:             1             16  java.util.Hashtable$EntrySet
 288:             1             16  java.util.WeakHashMap$KeySet
 289:             1             16  java.util.concurrent.atomic.AtomicBoolean
 290:             1             16  java.util.jar.Attributes
 291:             1             16  java.util.jar.JavaUtilJarAccessImpl
 292:             1             16  java.util.zip.ZipFile$1
 293:             1             16  sun.misc.ASCIICaseInsensitiveComparator
 294:             1             16  sun.misc.FloatingDecimal$1
 295:             1             16  sun.misc.Launcher
 296:             1             16  sun.misc.Launcher$ExtClassLoader$1
 297:             1             16  sun.misc.Launcher$Factory
 298:             1             16  sun.misc.Perf
 299:             1             16  sun.misc.Perf$GetPerfAction
 300:             1             16  sun.misc.PostVMInitHook$2
 301:             1             16  sun.misc.Unsafe
 302:             1             16  sun.net.NetProperties$1
 303:             1             16  sun.net.spi.DefaultProxySelector
 304:             1             16  sun.net.spi.DefaultProxySelector$1
 305:             1             16  sun.net.www.protocol.file.Handler
 306:             1             16  sun.reflect.DelegatingMethodAccessorImpl
 307:             1             16  sun.reflect.ReflectionFactory
 308:             1             16  sun.security.action.GetBooleanAction
 309:             1             16  sun.usagetracker.UsageTrackerClient
Total         15310        6134856